
R version 3.2.1 (2015-06-18) -- "World-Famous Astronaut"
Copyright (C) 2015 The R Foundation for Statistical Computing
Platform: x86_64-apple-darwin10.8.0 (64-bit)

R is free software and comes with ABSOLUTELY NO WARRANTY.
You are welcome to redistribute it under certain conditions.
Type 'license()' or 'licence()' for distribution details.

  Natural language support but running in an English locale

R is a collaborative project with many contributors.
Type 'contributors()' for more information and
'citation()' on how to cite R or R packages in publications.

Type 'demo()' for some demos, 'help()' for on-line help, or
'help.start()' for an HTML browser interface to help.
Type 'q()' to quit R.

> 
> require(dynr)
Loading required package: dynr
Loading required package: numDeriv
Loading required package: ggplot2
Loading required package: reshape2
Loading required package: plyr
> 
> thedata = read.table('./data/New2CovT1000n20batch1ODEsimData.txt')
> thedata$V6 <- as.numeric(thedata$V6)
> data <- dynr.data(thedata, id="V1", time="V2",observed=paste0('V', 3:4), 
+                   covariates=paste0('V', 5:6))
> #options=list(maxtime=1*60, maxeval=20) #may add this to the "model" line below
> 
> model <- dynr.model(
+               num_regime=2,
+               dim_latent_var=2,
+               xstart=c(rep(log(.1), 4), 95.0, log(10.0), log(10.0), -3.0, 9.0, -1.5, -0.5, -1,-.3),
+               ub=c(rep(1.5, 4), 200, 5, 5, rep(10, 6)),
+               lb=c(rep(-10, 4), 0, -10, -10, rep(-10, 6)),
+ 	     options=list(maxtime=.1*60, maxeval=2)
+ )
> 
> 
> func_noise_cov_txt="void function_noise_cov(size_t t, size_t regime, double *param, gsl_matrix *y_noise_cov, gsl_matrix *eta_noise_cov){
+ size_t i;
+ for (i=0;i<eta_noise_cov->size1;i++){
+ gsl_matrix_set(eta_noise_cov,i,i,-20);
+ }
+ gsl_matrix_set(y_noise_cov,0,0, param[5]);
+ gsl_matrix_set(y_noise_cov,1,1, param[6]);
+ 
+ }
+ " 
> 
> func_address=dynr.funcaddresses(file="~/Dropbox/Symiin_Lu/dynr/demo/RSODEmodel.c",verbose=FALSE)
> tfun <- function(x){c(exp(x[1:4]),x[5],exp(x[6:7]), x[8:13])}
> res <- dynr.run(model, data,func_address,tfun)
Total Time: 0.000442028 
Backend Time: 1.597404e-05 
> 
> 
> #True values should be
> #c(log(.2), log(.1), log(.3), log(.2),  100, log(9.0), log(9.0), -4, 8.5, -1, 1,-2, -1)
> 
> 
> #summary(res)
> save.image(file="./demo/RSLinearODETestBrief.RData")
> #plot(res, data=data, graphingPar=list(cex.main=1, cex.axis=1, cex.lab=1.2), numSubjDemo=2)
> 
> 
> #dynr.ggplot(res, data.dynr=data, states=c(1,2), title="Smoothed State Values", numSubjDemo=2)
> 
> 
> proc.time()
   user  system elapsed 
  1.335   0.102   1.430 
Error in match(x, table, nomatch = 0L) : object 'f' not found
Calls: <Anonymous> -> %in% -> match
